Connected Ball f383571202836e6f · firmware 0.1.18 · policy research. Results are candidate-only; Ctrl+C stops.
11:47:55  STATIONARY          event=NONE             impulse=0.000 m/s  gyro=0.00 rad/s  axis=0.000  quality=ok  [ready]
11:47:57  STATIONARY          event=NONE             impulse=0.000 m/s  gyro=0.00 rad/s  axis=0.000  quality=ok  [ready]
11:47:59  STATIONARY          event=NONE             impulse=0.000 m/s  gyro=0.00 rad/s  axis=0.000  quality=ok  [ready]
11:48:00  STATIONARY          event=NONE             impulse=0.000 m/s  gyro=0.00 rad/s  axis=0.000  quality=ok  [ready]
11:48:02  STATIONARY          event=NONE             impulse=0.000 m/s  gyro=0.00 rad/s  axis=0.000  quality=ok  [ready]
11:48:04  STATIONARY          event=NONE             impulse=0.000 m/s  gyro=0.00 rad/s  axis=0.000  quality=ok  [ready]
11:48:05  STATIONARY          event=NONE             impulse=0.000 m/s  gyro=0.00 rad/s  axis=0.000  quality=ok  [ready]
11:48:07  STATIONARY          event=NONE             impulse=0.000 m/s  gyro=0.00 rad/s  axis=0.000  quality=ok  [ready]
11:48:09  STATIONARY          event=NONE             impulse=0.000 m/s  gyro=0.00 rad/s  axis=0.000  quality=ok  [ready]
11:48:11  ACTIVE_PENDING      event=NONE             impulse=0.000 m/s  gyro=0.00 rad/s  axis=0.000  quality=ok  [collecting the 1-second decision window]
11:48:13  CARRIED_CANDIDATE   event=PICKUP_FROM_REST impulse=0.553 m/s  gyro=1.42 rad/s  axis=0.292  quality=ok  [pickup-from-rest event was detected]
11:48:15  CARRIED_CANDIDATE   event=PICKUP_FROM_REST impulse=0.553 m/s  gyro=1.42 rad/s  axis=0.292  quality=ok  [pickup-from-rest event was detected]
11:48:17  CARRIED_CANDIDATE   event=PICKUP_FROM_REST impulse=0.553 m/s  gyro=1.42 rad/s  axis=0.292  quality=ok  [pickup-from-rest event was detected]
11:48:19  CARRIED_CANDIDATE   event=PICKUP_FROM_REST impulse=0.553 m/s  gyro=1.42 rad/s  axis=0.292  quality=ok  [pickup-from-rest event was detected]
11:48:20  CARRIED_CANDIDATE   event=PICKUP_FROM_REST impulse=0.553 m/s  gyro=1.42 rad/s  axis=0.292  quality=ok  [pickup-from-rest event was detected]
11:48:22  CARRIED_CANDIDATE   event=PICKUP_FROM_REST impulse=0.553 m/s  gyro=1.42 rad/s  axis=0.292  quality=ok  [pickup-from-rest event was detected]
11:48:24  CARRIED_CANDIDATE   event=PICKUP_FROM_REST impulse=0.553 m/s  gyro=1.42 rad/s  axis=0.292  quality=ok  [pickup-from-rest event was detected]
11:48:26  CARRIED_CANDIDATE   event=PICKUP_FROM_REST impulse=0.553 m/s  gyro=1.42 rad/s  axis=0.292  quality=ok  [pickup-from-rest event was detected]
11:48:28  CARRIED_CANDIDATE   event=PICKUP_FROM_REST impulse=0.553 m/s  gyro=1.42 rad/s  axis=0.292  quality=ok  [pickup-from-rest event was detected]
11:48:30  CARRIED_CANDIDATE   event=PICKUP_FROM_REST impulse=0.553 m/s  gyro=1.42 rad/s  axis=0.292  quality=ok  [pickup-from-rest event was detected]
11:48:31  CARRIED_CANDIDATE   event=PICKUP_FROM_REST impulse=0.553 m/s  gyro=1.42 rad/s  axis=0.292  quality=ok  [pickup-from-rest event was detected]
11:48:33  CARRIED_CANDIDATE   event=PICKUP_FROM_REST impulse=0.553 m/s  gyro=1.42 rad/s  axis=0.292  quality=ok  [pickup-from-rest event was detected]
11:48:35  CARRIED_CANDIDATE   event=PICKUP_FROM_REST impulse=0.553 m/s  gyro=1.42 rad/s  axis=0.292  quality=ok  [pickup-from-rest event was detected]
11:48:37  CARRIED_CANDIDATE   event=PICKUP_FROM_REST impulse=0.553 m/s  gyro=1.42 rad/s  axis=0.292  quality=ok  [pickup-from-rest event was detected]
11:48:39  CARRIED_CANDIDATE   event=PICKUP_FROM_REST impulse=0.553 m/s  gyro=1.42 rad/s  axis=0.292  quality=ok  [pickup-from-rest event was detected]
11:48:41  CARRIED_CANDIDATE   event=PICKUP_FROM_REST impulse=0.553 m/s  gyro=1.42 rad/s  axis=0.292  quality=ok  [pickup-from-rest event was detected]
11:48:43  STATIONARY          event=PICKUP_FROM_REST impulse=0.553 m/s  gyro=1.42 rad/s  axis=0.292  quality=ok  [ready]
11:48:45  STATIONARY          event=PICKUP_FROM_REST impulse=0.553 m/s  gyro=1.42 rad/s  axis=0.292  quality=ok  [ready]
11:48:47  STATIONARY          event=PICKUP_FROM_REST impulse=0.553 m/s  gyro=1.42 rad/s  axis=0.292  quality=ok  [ready]
11:48:48  STATIONARY          event=PICKUP_FROM_REST impulse=0.553 m/s  gyro=1.42 rad/s  axis=0.292  quality=ok  [ready]
11:48:50  STATIONARY          event=PICKUP_FROM_REST impulse=0.553 m/s  gyro=1.42 rad/s  axis=0.292  quality=ok  [ready]
11:48:52  STATIONARY          event=PICKUP_FROM_REST impulse=0.553 m/s  gyro=1.42 rad/s  axis=0.292  quality=ok  [ready]
11:48:53  STATIONARY          event=PICKUP_FROM_REST impulse=0.553 m/s  gyro=1.42 rad/s  axis=0.292  quality=ok  [ready]
11:48:56  STATIONARY          event=PICKUP_FROM_REST impulse=0.553 m/s  gyro=1.42 rad/s  axis=0.292  quality=ok  [ready]
11:48:58  STATIONARY          event=PICKUP_FROM_REST impulse=0.553 m/s  gyro=1.42 rad/s  axis=0.292  quality=ok  [ready]
11:48:59  STATIONARY          event=PICKUP_FROM_REST impulse=0.553 m/s  gyro=1.42 rad/s  axis=0.292  quality=ok  [ready]
11:49:01  STATIONARY          event=PICKUP_FROM_REST impulse=0.553 m/s  gyro=1.42 rad/s  axis=0.292  quality=ok  [ready]
11:49:03  STATIONARY          event=PICKUP_FROM_REST impulse=0.553 m/s  gyro=1.42 rad/s  axis=0.292  quality=ok  [ready]
11:49:05  STATIONARY          event=PICKUP_FROM_REST impulse=0.553 m/s  gyro=1.42 rad/s  axis=0.292  quality=ok  [ready]
11:49:07  STATIONARY          event=PICKUP_FROM_REST impulse=0.553 m/s  gyro=1.42 rad/s  axis=0.292  quality=ok  [ready]
11:49:09  STATIONARY          event=PICKUP_FROM_REST impulse=0.553 m/s  gyro=1.42 rad/s  axis=0.292  quality=ok  [ready]
11:49:11  STATIONARY          event=PICKUP_FROM_REST impulse=0.553 m/s  gyro=1.42 rad/s  axis=0.292  quality=ok  [ready]
11:49:13  ACTIVE_PENDING      event=PICKUP_FROM_REST impulse=0.553 m/s  gyro=1.42 rad/s  axis=0.292  quality=ok  [collecting the 1-second decision window]
11:49:15  ACTIVE_UNKNOWN      event=PICKUP_FROM_REST impulse=1.360 m/s  gyro=3.59 rad/s  axis=0.837  quality=ok  [motion is real, but the supported demo paths do not identify it]
WARN: command 0 attempt 1 failed; retrying
11:49:18  ACTIVE_UNKNOWN      event=PICKUP_FROM_REST impulse=1.360 m/s  gyro=3.59 rad/s  axis=0.837  quality=ok  [motion is real, but the supported demo paths do not identify it]
11:49:20  ACTIVE_UNKNOWN      event=PICKUP_FROM_REST impulse=1.360 m/s  gyro=3.59 rad/s  axis=0.837  quality=ok  [motion is real, but the supported demo paths do not identify it]
11:49:22  STATIONARY          event=PICKUP_FROM_REST impulse=1.360 m/s  gyro=3.59 rad/s  axis=0.837  quality=ok  [ready]
11:49:24  STATIONARY          event=PICKUP_FROM_REST impulse=1.360 m/s  gyro=3.59 rad/s  axis=0.837  quality=ok  [ready]
11:49:26  STATIONARY          event=PICKUP_FROM_REST impulse=1.360 m/s  gyro=3.59 rad/s  axis=0.837  quality=ok  [ready]
11:49:28  STATIONARY          event=PICKUP_FROM_REST impulse=1.360 m/s  gyro=3.59 rad/s  axis=0.837  quality=ok  [ready]
11:49:30  STATIONARY          event=PICKUP_FROM_REST impulse=1.360 m/s  gyro=3.59 rad/s  axis=0.837  quality=ok  [ready]
11:49:31  STATIONARY          event=PICKUP_FROM_REST impulse=1.360 m/s  gyro=3.59 rad/s  axis=0.837  quality=ok  [ready]
11:49:33  STATIONARY          event=PICKUP_FROM_REST impulse=1.360 m/s  gyro=3.59 rad/s  axis=0.837  quality=ok  [ready]
11:49:35  STATIONARY          event=PICKUP_FROM_REST impulse=1.360 m/s  gyro=3.59 rad/s  axis=0.837  quality=ok  [ready]
11:49:37  STATIONARY          event=PICKUP_FROM_REST impulse=1.360 m/s  gyro=3.59 rad/s  axis=0.837  quality=ok  [ready]
11:49:39  STATIONARY          event=PICKUP_FROM_REST impulse=1.360 m/s  gyro=3.59 rad/s  axis=0.837  quality=ok  [ready]
11:49:41  STATIONARY          event=PICKUP_FROM_REST impulse=1.360 m/s  gyro=3.59 rad/s  axis=0.837  quality=ok  [ready]
11:49:43  STATIONARY          event=PICKUP_FROM_REST impulse=1.360 m/s  gyro=3.59 rad/s  axis=0.837  quality=ok  [ready]
11:49:45  STATIONARY          event=PICKUP_FROM_REST impulse=1.360 m/s  gyro=3.59 rad/s  axis=0.837  quality=ok  [ready]
11:49:46  STATIONARY          event=PICKUP_FROM_REST impulse=1.360 m/s  gyro=3.59 rad/s  axis=0.837  quality=ok  [ready]
11:49:49  STATIONARY          event=PICKUP_FROM_REST impulse=1.360 m/s  gyro=3.59 rad/s  axis=0.837  quality=ok  [ready]
11:49:50  STATIONARY          event=PICKUP_FROM_REST impulse=1.360 m/s  gyro=3.59 rad/s  axis=0.837  quality=ok  [ready]
11:49:52  STATIONARY          event=PICKUP_FROM_REST impulse=1.360 m/s  gyro=3.59 rad/s  axis=0.837  quality=ok  [ready]
11:49:54  STATIONARY          event=PICKUP_FROM_REST impulse=1.360 m/s  gyro=3.59 rad/s  axis=0.837  quality=ok  [ready]
Ball restored to auto power policy.
